./gradlew : 
所在位置 行:1 字符: 1
+ ./gradlew clean assembleDebug --stacktrace > build_errors.txt 2>&1
+ ~~~~~~~~~~~~~~~~~~~~~~~~~~~~~~~~~~~~~~~~~~~~~~~~~~~~~~~~~~~~~~~~~~
    + CategoryInfo          : NotSpecified: (:String) [], RemoteException
    + FullyQualifiedErrorId : NativeCommandError
 
FAILURE: Build failed with an exception.

* What went wrong:
The supplied javaHome seems to be invalid. I cannot find the java executable. Tried location: E:\Program Files\Java\jdk-25\bin\java.exe

* Try:
> Run with --info or --debug option to get more log output.
> Run with --scan to get full insights.
> Get more help at https://help.gradle.org.

* Exception is:
org.gradle.internal.jvm.JavaHomeException: The supplied javaHome seems to be invalid. I cannot find the java executable. Tried location: E:\Program Files\Java\jdk-25\b
in\java.exe
	at org.gradle.internal.jvm.Jvm.findExecutable(Jvm.java:187)
	at org.gradle.internal.jvm.Jvm.getJavaExecutable(Jvm.java:212)
	at org.gradle.internal.jvm.Jvm.forHome(Jvm.java:115)
	at org.gradle.launcher.daemon.context.DaemonCompatibilitySpec.jvmCompatible(DaemonCompatibilitySpec.java:93)
	at org.gradle.launcher.daemon.context.DaemonCompatibilitySpec.whyUnsatisfied(DaemonCompatibilitySpec.java:43)
	at org.gradle.launcher.daemon.context.DaemonCompatibilitySpec.isSatisfiedBy(DaemonCompatibilitySpec.java:38)
	at org.gradle.launcher.daemon.context.DaemonCompatibilitySpec.isSatisfiedBy(DaemonCompatibilitySpec.java:28)
	at org.gradle.launcher.daemon.client.DefaultDaemonConnector.getCompatibleDaemons(DefaultDaemonConnector.java:189)
	at org.gradle.launcher.daemon.client.DefaultDaemonConnector.connectToIdleDaemon(DefaultDaemonConnector.java:159)
	at org.gradle.launcher.daemon.client.DefaultDaemonConnector.connect(DefaultDaemonConnector.java:127)
	at org.gradle.launcher.daemon.client.DaemonClient.execute(DaemonClient.java:150)
	at org.gradle.launcher.daemon.client.DaemonClient.execute(DaemonClient.java:97)
	at org.gradle.launcher.cli.RunBuildAction.run(RunBuildAction.java:56)
	at org.gradle.internal.Actions$RunnableActionAdapter.execute(Actions.java:167)
	at org.gradle.launcher.cli.DefaultCommandLineActionFactory$ParseAndBuildAction.execute(DefaultCommandLineActionFactory.java:371)
	at org.gradle.launcher.cli.DefaultCommandLineActionFactory$ParseAndBuildAction.execute(DefaultCommandLineActionFactory.java:335)
	at org.gradle.launcher.cli.DebugLoggerWarningAction.execute(DebugLoggerWarningAction.java:74)
	at org.gradle.launcher.cli.DebugLoggerWarningAction.execute(DebugLoggerWarningAction.java:30)
	at org.gradle.launcher.cli.WelcomeMessageAction.execute(WelcomeMessageAction.java:97)
	at org.gradle.launcher.cli.WelcomeMessageAction.execute(WelcomeMessageAction.java:40)
	at org.gradle.launcher.cli.NativeServicesInitializingAction.execute(NativeServicesInitializingAction.java:50)
	at org.gradle.launcher.cli.NativeServicesInitializingAction.execute(NativeServicesInitializingAction.java:27)
	at org.gradle.launcher.cli.ExceptionReportingAction.execute(ExceptionReportingAction.java:41)
	at org.gradle.launcher.cli.ExceptionReportingAction.execute(ExceptionReportingAction.java:26)
	at org.gradle.launcher.cli.DefaultCommandLineActionFactory$WithLogging.execute(DefaultCommandLineActionFactory.java:483)
	at org.gradle.launcher.Main.doAction(Main.java:35)
	at org.gradle.launcher.bootstrap.EntryPoint.run(EntryPoint.java:52)
	at java.base/jdk.internal.reflect.DirectMethodHandleAccessor.invoke(Unknown Source)
	at java.base/java.lang.reflect.Method.invoke(Unknown Source)
	at org.gradle.launcher.bootstrap.ProcessBootstrap.runNoExit(ProcessBootstrap.java:72)
	at org.gradle.launcher.bootstrap.ProcessBootstrap.run(ProcessBootstrap.java:39)
	at org.gradle.launcher.GradleMain.main(GradleMain.java:31)
	at java.base/jdk.internal.reflect.DirectMethodHandleAccessor.invoke(Unknown Source)
	at java.base/java.lang.reflect.Method.invoke(Unknown Source)
	at org.gradle.wrapper.GradleWrapperMain.main(SourceFile:70)

